// Jest Snapshot v1, https://goo.gl/fbAQLP

exports[`Tests in <FirstApp /> component Should show <FirstApp /> correctly 1`] = `
<Fragment>
  <h1>
    Hello, I am Branimir
  </h1>
  <h3>
    This is a sub-title
  </h3>
</Fragment>
`;
